// Jest Snapshot v1, https://goo.gl/fbAQLP

exports[`should render App  1`] = `
ShallowWrapper {
  "length": 1,
  Symbol(enzyme.__root__): [Circular],
  Symbol(enzyme.__unrendered__): <App />,
  Symbol(enzyme.__renderer__): Object {
    "batchedUpdates": [Function],
    "getNode": [Function],
    "render": [Function],
    "simulateEvent": [Function],
    "unmount": [Function],
  },
  Symbol(enzyme.__node__): Object {
    "instance": null,
    "key": undefined,
    "nodeType": "host",
    "props": Object {
      "children": Array [
        <h1
          className="text-center uppercase text-grey my-4"
>
          Search...hub
</h1>,
        false,
        <form
          className="w-full mx-auto max-w-md"
          onSubmit={[Function]}
>
          <div
                    className="flex justify-center items-center border-b border-b-2 border-teal py-2"
          >
                    <input
                              className="appearance-none bg-transparent border-none w-full text-grey-darker mr-3 py-1 px-2 leading-tight"
                              onChange={[Function]}
                              placeholder="Search for a Github repo..."
                              type="text"
                              value=""
                    />
                    <button
                              className="flex-no-shrink bg-teal hover:bg-teal-dark border-teal hover:border-teal-dark text-sm border-4 text-white py-1 px-2 rounded"
                    >
                              Search
                    </button>
          </div>
</form>,
        <div
          className="flex mb-4"
>
          <div
                    className="w-1/3 h-12"
          />
</div>,
      ],
      "className": "container mx-auto",
    },
    "ref": null,
    "rendered": Array [
      Object {
        "instance": null,
        "key": undefined,
        "nodeType": "host",
        "props": Object {
          "children": "Search...hub",
          "className": "text-center uppercase text-grey my-4",
        },
        "ref": null,
        "rendered": "Search...hub",
        "type": "h1",
      },
      false,
      Object {
        "instance": null,
        "key": undefined,
        "nodeType": "host",
        "props": Object {
          "children": <div
            className="flex justify-center items-center border-b border-b-2 border-teal py-2"
>
            <input
                        className="appearance-none bg-transparent border-none w-full text-grey-darker mr-3 py-1 px-2 leading-tight"
                        onChange={[Function]}
                        placeholder="Search for a Github repo..."
                        type="text"
                        value=""
            />
            <button
                        className="flex-no-shrink bg-teal hover:bg-teal-dark border-teal hover:border-teal-dark text-sm border-4 text-white py-1 px-2 rounded"
            >
                        Search
            </button>
</div>,
          "className": "w-full mx-auto max-w-md",
          "onSubmit": [Function],
        },
        "ref": null,
        "rendered": Object {
          "instance": null,
          "key": undefined,
          "nodeType": "host",
          "props": Object {
            "children": Array [
              <input
                className="appearance-none bg-transparent border-none w-full text-grey-darker mr-3 py-1 px-2 leading-tight"
                onChange={[Function]}
                placeholder="Search for a Github repo..."
                type="text"
                value=""
/>,
              <button
                className="flex-no-shrink bg-teal hover:bg-teal-dark border-teal hover:border-teal-dark text-sm border-4 text-white py-1 px-2 rounded"
>
                Search
</button>,
            ],
            "className": "flex justify-center items-center border-b border-b-2 border-teal py-2",
          },
          "ref": null,
          "rendered": Array [
            Object {
              "instance": null,
              "key": undefined,
              "nodeType": "host",
              "props": Object {
                "className": "appearance-none bg-transparent border-none w-full text-grey-darker mr-3 py-1 px-2 leading-tight",
                "onChange": [Function],
                "placeholder": "Search for a Github repo...",
                "type": "text",
                "value": "",
              },
              "ref": null,
              "rendered": null,
              "type": "input",
            },
            Object {
              "instance": null,
              "key": undefined,
              "nodeType": "host",
              "props": Object {
                "children": "Search",
                "className": "flex-no-shrink bg-teal hover:bg-teal-dark border-teal hover:border-teal-dark text-sm border-4 text-white py-1 px-2 rounded",
              },
              "ref": null,
              "rendered": "Search",
              "type": "button",
            },
          ],
          "type": "div",
        },
        "type": "form",
      },
      Object {
        "instance": null,
        "key": undefined,
        "nodeType": "host",
        "props": Object {
          "children": Array [
            <div
              className="w-1/3 h-12"
/>,
            false,
          ],
          "className": "flex mb-4",
        },
        "ref": null,
        "rendered": Array [
          Object {
            "instance": null,
            "key": undefined,
            "nodeType": "host",
            "props": Object {
              "children": false,
              "className": "w-1/3 h-12",
            },
            "ref": null,
            "rendered": false,
            "type": "div",
          },
          false,
        ],
        "type": "div",
      },
    ],
    "type": "div",
  },
  Symbol(enzyme.__nodes__): Array [
    Object {
      "instance": null,
      "key": undefined,
      "nodeType": "host",
      "props": Object {
        "children": Array [
          <h1
            className="text-center uppercase text-grey my-4"
>
            Search...hub
</h1>,
          false,
          <form
            className="w-full mx-auto max-w-md"
            onSubmit={[Function]}
>
            <div
                        className="flex justify-center items-center border-b border-b-2 border-teal py-2"
            >
                        <input
                                    className="appearance-none bg-transparent border-none w-full text-grey-darker mr-3 py-1 px-2 leading-tight"
                                    onChange={[Function]}
                                    placeholder="Search for a Github repo..."
                                    type="text"
                                    value=""
                        />
                        <button
                                    className="flex-no-shrink bg-teal hover:bg-teal-dark border-teal hover:border-teal-dark text-sm border-4 text-white py-1 px-2 rounded"
                        >
                                    Search
                        </button>
            </div>
</form>,
          <div
            className="flex mb-4"
>
            <div
                        className="w-1/3 h-12"
            />
</div>,
        ],
        "className": "container mx-auto",
      },
      "ref": null,
      "rendered": Array [
        Object {
          "instance": null,
          "key": undefined,
          "nodeType": "host",
          "props": Object {
            "children": "Search...hub",
            "className": "text-center uppercase text-grey my-4",
          },
          "ref": null,
          "rendered": "Search...hub",
          "type": "h1",
        },
        false,
        Object {
          "instance": null,
          "key": undefined,
          "nodeType": "host",
          "props": Object {
            "children": <div
              className="flex justify-center items-center border-b border-b-2 border-teal py-2"
>
              <input
                            className="appearance-none bg-transparent border-none w-full text-grey-darker mr-3 py-1 px-2 leading-tight"
                            onChange={[Function]}
                            placeholder="Search for a Github repo..."
                            type="text"
                            value=""
              />
              <button
                            className="flex-no-shrink bg-teal hover:bg-teal-dark border-teal hover:border-teal-dark text-sm border-4 text-white py-1 px-2 rounded"
              >
                            Search
              </button>
</div>,
            "className": "w-full mx-auto max-w-md",
            "onSubmit": [Function],
          },
          "ref": null,
          "rendered": Object {
            "instance": null,
            "key": undefined,
            "nodeType": "host",
            "props": Object {
              "children": Array [
                <input
                  className="appearance-none bg-transparent border-none w-full text-grey-darker mr-3 py-1 px-2 leading-tight"
                  onChange={[Function]}
                  placeholder="Search for a Github repo..."
                  type="text"
                  value=""
/>,
                <button
                  className="flex-no-shrink bg-teal hover:bg-teal-dark border-teal hover:border-teal-dark text-sm border-4 text-white py-1 px-2 rounded"
>
                  Search
</button>,
              ],
              "className": "flex justify-center items-center border-b border-b-2 border-teal py-2",
            },
            "ref": null,
            "rendered": Array [
              Object {
                "instance": null,
                "key": undefined,
                "nodeType": "host",
                "props": Object {
                  "className": "appearance-none bg-transparent border-none w-full text-grey-darker mr-3 py-1 px-2 leading-tight",
                  "onChange": [Function],
                  "placeholder": "Search for a Github repo...",
                  "type": "text",
                  "value": "",
                },
                "ref": null,
                "rendered": null,
                "type": "input",
              },
              Object {
                "instance": null,
                "key": undefined,
                "nodeType": "host",
                "props": Object {
                  "children": "Search",
                  "className": "flex-no-shrink bg-teal hover:bg-teal-dark border-teal hover:border-teal-dark text-sm border-4 text-white py-1 px-2 rounded",
                },
                "ref": null,
                "rendered": "Search",
                "type": "button",
              },
            ],
            "type": "div",
          },
          "type": "form",
        },
        Object {
          "instance": null,
          "key": undefined,
          "nodeType": "host",
          "props": Object {
            "children": Array [
              <div
                className="w-1/3 h-12"
/>,
              false,
            ],
            "className": "flex mb-4",
          },
          "ref": null,
          "rendered": Array [
            Object {
              "instance": null,
              "key": undefined,
              "nodeType": "host",
              "props": Object {
                "children": false,
                "className": "w-1/3 h-12",
              },
              "ref": null,
              "rendered": false,
              "type": "div",
            },
            false,
          ],
          "type": "div",
        },
      ],
      "type": "div",
    },
  ],
  Symbol(enzyme.__options__): Object {
    "adapter": ReactSixteenAdapter {
      "options": Object {
        "enableComponentDidUpdateOnSetState": true,
      },
    },
  },
}
`;
